// Jest Snapshot v1, https://goo.gl/fbAQLP

exports[`App snapshot renders the loading screen 1`] = `null`;

exports[`App snapshot renders the root without loading screen 1`] = `
<View
  style={
    Object {
      "backgroundColor": "#fff",
      "flex": 1,
    }
  }
>
  <View
    style={
      Object {
        "flex": 1,
        "overflow": "hidden",
      }
    }
  >
    <View
      style={
        Object {
          "flex": 1,
        }
      }
    >
      <View
        collapsable={false}
        pointerEvents="auto"
        removeClippedSubviews={false}
        style={
          Array [
            Object {
              "flex": 1,
              "overflow": "hidden",
            },
            Object {
              "bottom": 0,
              "left": 0,
              "position": "absolute",
              "right": 0,
              "top": 0,
            },
            Object {
              "opacity": 1,
            },
          ]
        }
      >
        <View
          style={
            Object {
              "flex": 1,
            }
          }
        >
          <View
            onLayout={[Function]}
            style={
              Object {
                "flex": 1,
              }
            }
          >
            <View
              enabled={false}
              hitSlop={
                Object {
                  "right": 50,
                }
              }
              maxDeltaY={20}
              minOffsetX={5}
              onGestureEvent={[Function]}
              onHandlerStateChange={[Function]}
            >
              <View
                style={
                  Object {
                    "backgroundColor": "#eee",
                    "flex": 1,
                    "flexDirection": "column-reverse",
                    "overflow": "hidden",
                  }
                }
              >
                <View
                  style={
                    Object {
                      "flex": 1,
                    }
                  }
                >
                  <View
                    pointerEvents="auto"
                    style={
                      Object {
                        "bottom": 0,
                        "left": 0,
                        "opacity": 1,
                        "position": "absolute",
                        "right": 0,
                        "top": 0,
                        "transform": Array [
                          Object {
                            "translateX": 0,
                          },
                          Object {
                            "translateY": 0,
                          },
                        ],
                      }
                    }
                  >
                    <View
                      accessibilityElementsHidden={false}
                      style={
                        Object {
                          "backgroundColor": "#fff",
                          "flex": 1,
                        }
                      }
                    >
                      <View
                        style={
                          Object {
                            "alignItems": "center",
                            "flex": 1,
                            "justifyContent": "center",
                            "paddingBottom": 30,
                            "paddingTop": 30,
                          }
                        }
                      >
                        <Image
                          source={1}
                          style={
                            Object {
                              "height": 50,
                              "width": 300,
                            }
                          }
                        />
                        <Text
                          style={
                            Object {
                              "color": "rgba(96,100,109, 1)",
                              "fontSize": 17,
                              "lineHeight": 24,
                              "textAlign": "center",
                            }
                          }
                        >
                          Welcome to Peerdea
                        </Text>
                        <View
                          style={
                            Object {
                              "backgroundColor": "#fff",
                              "borderRadius": 3,
                              "shadowColor": "rgba(0,0,0, .4)",
                              "shadowOffset": Object {
                                "height": 1,
                                "width": 1,
                              },
                              "shadowOpacity": 1,
                              "shadowRadius": 1,
                            }
                          }
                        >
                          <View
                            accessibilityLabel="Create a new group"
                            accessible={true}
                            isTVSelectable={true}
                            onResponderGrant={[Function]}
                            onResponderMove={[Function]}
                            onResponderRelease={[Function]}
                            onResponderTerminate={[Function]}
                            onResponderTerminationRequest={[Function]}
                            onStartShouldSetResponder={[Function]}
                            style={
                              Object {
                                "opacity": 1,
                              }
                            }
                          >
                            <View
                              style={
                                Object {
                                  "alignItems": "center",
                                  "backgroundColor": "#2089dc",
                                  "borderColor": "#2089dc",
                                  "borderRadius": 3,
                                  "borderWidth": 0,
                                  "flexDirection": "row",
                                  "justifyContent": "center",
                                  "padding": 8,
                                }
                              }
                            >
                              <Text
                                style={
                                  Object {
                                    "color": "white",
                                    "fontSize": 18,
                                    "paddingBottom": 1,
                                    "paddingTop": 2,
                                    "textAlign": "center",
                                  }
                                }
                              >
                                Create a new group
                              </Text>
                            </View>
                          </View>
                        </View>
                        <View
                          style={
                            Object {
                              "backgroundColor": "#fff",
                              "borderRadius": 3,
                              "shadowColor": "rgba(0,0,0, .4)",
                              "shadowOffset": Object {
                                "height": 1,
                                "width": 1,
                              },
                              "shadowOpacity": 1,
                              "shadowRadius": 1,
                            }
                          }
                        >
                          <View
                            accessibilityLabel="Join an existing group"
                            accessible={true}
                            isTVSelectable={true}
                            onResponderGrant={[Function]}
                            onResponderMove={[Function]}
                            onResponderRelease={[Function]}
                            onResponderTerminate={[Function]}
                            onResponderTerminationRequest={[Function]}
                            onStartShouldSetResponder={[Function]}
                            style={
                              Object {
                                "opacity": 1,
                              }
                            }
                          >
                            <View
                              style={
                                Object {
                                  "alignItems": "center",
                                  "backgroundColor": "#2089dc",
                                  "borderColor": "#2089dc",
                                  "borderRadius": 3,
                                  "borderWidth": 0,
                                  "flexDirection": "row",
                                  "justifyContent": "center",
                                  "padding": 8,
                                }
                              }
                            >
                              <Text
                                style={
                                  Object {
                                    "color": "white",
                                    "fontSize": 18,
                                    "paddingBottom": 1,
                                    "paddingTop": 2,
                                    "textAlign": "center",
                                  }
                                }
                              >
                                Join an existing group
                              </Text>
                            </View>
                          </View>
                        </View>
                      </View>
                    </View>
                  </View>
                </View>
                <View
                  onLayout={[Function]}
                  pointerEvents="box-none"
                  style={
                    Object {
                      "left": 0,
                      "position": "absolute",
                      "right": 0,
                      "top": 0,
                    }
                  }
                >
                  <View
                    style={
                      Object {
                        "backgroundColor": "#FFF",
                        "transform": Array [
                          Object {
                            "translateX": -750,
                          },
                        ],
                      }
                    }
                  >
                    <View
                      onLayout={[Function]}
                      pointerEvents="box-none"
                      style={
                        Object {
                          "backgroundColor": "#FFF",
                          "borderBottomColor": "#A7A7AA",
                          "borderBottomWidth": 0.5,
                          "height": 64,
                          "paddingBottom": 0,
                          "paddingLeft": 0,
                          "paddingRight": 0,
                          "paddingTop": 20,
                        }
                      }
                    >
                      <View
                        style={
                          Object {
                            "flex": 1,
                          }
                        }
                      />
                    </View>
                  </View>
                </View>
              </View>
            </View>
          </View>
        </View>
      </View>
    </View>
  </View>
</View>
`;
